0.0
50.0
33.33333333333333
25.0
20.0
16.666666666666664
14.285714285714285
12.5
11.11111111111111
10.0
 9.090909090909092
 8.333333333333332
 7.6923076923076925
 7.142857142857142
 6.666666666666667
 6.25
 11.76470588235294
 16.666666666666664
 21.052631578947366
 25.0
 23.809523809523807
 27.27272727272727
 30.434782608695656
 29.166666666666668
 28.000000000000004
 26.923076923076923
 25.925925925925924
 25.0
 24.137931034482758
 23.333333333333332
 22.58064516129032
 25.0
 24.242424242424242
 26.47058823529412
 28.57142857142857
 30.555555555555557
 29.72972972972973
 31.57894736842105
 33.33333333333333
 32.5
 34.146341463414636
 35.714285714285715
 37.2093023255814
 36.36363636363637
 35.55555555555556
 34.78260869565217
 34.04255319148936
 33.33333333333333
 32.6530612244898
 32.0
 31.372549019607842
 32.69230769230769
 33.9622641509434
 35.18518518518518
 34.54545454545455
 33.92857142857143
 35.08771929824561
 34.48275862068966
 33.89830508474576
 33.33333333333333
 34.42622950819672
 33.87096774193548
 33.33333333333333
 32.8125
 33.84615384615385
 33.33333333333333
 32.83582089552239
 32.35294117647059
 31.88405797101449
 31.428571428571427
 30.985915492957744
 31.944444444444443
 31.506849315068493
 31.08108108108108
 30.666666666666664
 30.263157894736842
 29.87012987012987
 30.76923076923077
 30.37974683544304
 30.0
 30.864197530864196
 30.48780487804878
 30.120481927710845
 29.761904761904763
 29.411764705882355
 29.069767441860467
 29.88505747126437
 30.681818181818183
 30.337078651685395
 30.0
 30.76923076923077
 30.434782608695656
 30.107526881720432
 29.78723404255319
 30.526315789473685
 30.208333333333332
 29.896907216494846
 30.612244897959183
 30.303030303030305
 31.0
 30.693069306930692
 30.392156862745097
 30.097087378640776
 29.807692307692307
 29.523809523809526
 29.245283018867923
 29.906542056074763
 29.629629629629626
 30.275229357798167
 30.909090909090907
 30.630630630630627
 30.357142857142854
 30.08849557522124
 29.82456140350877
 29.565217391304348
 29.310344827586203
 29.059829059829063
 29.66101694915254
 29.411764705882355
 29.166666666666668
 28.92561983471074
 28.688524590163933
 28.455284552845526
 28.225806451612907
 28.000000000000004
 27.77777777777778
 27.559055118110237
 27.34375
 27.906976744186046
 27.692307692307693
 27.480916030534353
 27.27272727272727
 27.06766917293233
 26.865671641791046
 26.666666666666668
 26.47058823529412
 26.277372262773724
 26.08695652173913
 25.899280575539567
 25.71428571428571
 25.53191489361702
 25.352112676056336
 25.174825174825177
 25.0
 24.82758620689655
 24.65753424657534
 24.489795918367346
 24.324324324324326
 24.161073825503358
 24.0
 24.503311258278146
 24.342105263157894
 24.18300653594771
 24.025974025974026
 23.870967741935484
 23.717948717948715
 23.56687898089172
 24.050632911392405
 23.89937106918239
 23.75
 23.60248447204969
 23.456790123456788
 23.31288343558282
 23.170731707317074
 23.03030303030303
 22.89156626506024
 23.353293413173652
 23.809523809523807
 24.2603550295858
 24.705882352941178
 24.561403508771928
 24.418604651162788
 24.277456647398843
 24.71264367816092
 24.571428571428573
 24.431818181818183
 24.293785310734464
 24.15730337078652
 24.022346368715084
 23.88888888888889
 23.756906077348066
 23.626373626373624
 23.497267759562842
 23.369565217391305
 23.243243243243246
 23.118279569892472
 22.994652406417114
 22.872340425531913
 22.75132275132275
 22.63157894736842
 22.5130890052356
 22.395833333333336
 22.279792746113987
 22.164948453608247
 22.564102564102566
 22.448979591836736
 22.33502538071066
 22.22222222222222
 22.110552763819097
 22.0
 21.890547263681594
 21.782178217821784
 21.67487684729064
 21.568627450980394
 21.463414634146343
 21.35922330097087
 21.256038647342994
 21.634615384615387
 21.5311004784689
 21.428571428571427
 21.32701421800948
 21.22641509433962
 21.12676056338028
 21.02803738317757
 20.930232558139537
 20.833333333333336
 20.737327188940093
 20.642201834862387
 20.54794520547945
 20.454545454545457
 20.361990950226243
 20.72072072072072
 20.62780269058296
 20.535714285714285
 20.88888888888889
 20.79646017699115
 21.145374449339208
 21.052631578947366
 20.96069868995633
 20.869565217391305
 20.77922077922078
 20.689655172413794
 20.600858369098713
 20.51282051282051
 20.425531914893615
 20.33898305084746
 20.253164556962027
 20.168067226890756
 20.0836820083682
 20.0
 19.91701244813278
 20.24793388429752
 20.16460905349794
 20.081967213114755
 20.408163265306122
 20.73170731707317
 20.647773279352226
 20.56451612903226
 20.481927710843372
 20.4
 20.318725099601593
 20.238095238095237
 20.158102766798418
 20.078740157480315
 20.0
 19.921875
 19.844357976653697
 19.767441860465116
 19.69111969111969
 19.615384615384617
 19.54022988505747
 19.46564885496183
 19.39163498098859
 19.318181818181817
 19.245283018867926
 19.172932330827066
 19.101123595505616
 19.029850746268657
 19.33085501858736
 19.62962962962963
 19.92619926199262
 20.22058823529412
 20.146520146520146
 20.072992700729927
 20.0
 19.92753623188406
 19.855595667870034
 19.784172661870503
 19.71326164874552
 19.642857142857142
 19.572953736654807
 19.50354609929078
 19.434628975265017
 19.366197183098592
 19.649122807017545
 19.58041958041958
 19.51219512195122
 19.444444444444446
 19.377162629757784
 19.310344827586206
 19.243986254295535
 19.17808219178082
 19.112627986348123
 19.047619047619047
 18.983050847457626
 18.91891891891892
 18.855218855218855
 18.79194630872483
 18.729096989966553
 18.666666666666668
 18.6046511627907
 18.543046357615893
 18.81188118811881
 19.078947368421055
 19.01639344262295
 18.954248366013072
 18.892508143322477
 18.83116883116883
 18.77022653721683
 19.032258064516128
 18.971061093247588
 18.91025641025641
 18.849840255591054
 18.789808917197455
 18.73015873015873
 18.670886075949365
 18.61198738170347
 18.553459119496853
 18.495297805642632
 18.75
 18.69158878504673
 18.944099378881987
 19.195046439628484
 19.1358024691358
 19.076923076923077
 19.018404907975462
 18.960244648318042
 18.902439024390244
 18.84498480243161
 19.090909090909093
 19.335347432024168
 19.27710843373494
 19.21921921921922
 19.16167664670659
 19.1044776119403
 19.345238095238095
 19.287833827893174
 19.526627218934912
 19.469026548672566
 19.705882352941178
 19.64809384164223
 19.5906432748538
 19.533527696793
 19.476744186046513
 19.420289855072465
 19.36416184971098
 19.30835734870317
 19.25287356321839
 19.197707736389685
 19.142857142857142
 19.08831908831909
 19.03409090909091
 18.980169971671387
 18.926553672316384
 18.87323943661972
 18.820224719101123
 18.76750700280112
 18.71508379888268
 18.662952646239557
 18.61111111111111
 18.559556786703602
 18.50828729281768
 18.732782369146005
 18.681318681318682
 18.904109589041095
 19.12568306010929
 19.07356948228883
 19.293478260869566
 19.241192411924118
 19.18918918918919
 19.137466307277627
 19.35483870967742
 19.302949061662197
 19.518716577540108
 19.466666666666665
 19.414893617021274
 19.628647214854112
 19.576719576719576
 19.525065963060687
 19.473684210526315
 19.42257217847769
 19.3717277486911
 19.321148825065272
 19.270833333333336
 19.22077922077922
 19.170984455958546
 19.379844961240313
 19.329896907216497
 19.28020565552699
 19.230769230769234
 19.18158567774936
 19.132653061224488
 19.083969465648856
 19.035532994923855
 18.9873417721519
 18.939393939393938
 18.89168765743073
 18.84422110552764
 18.796992481203006
 18.75
 18.703241895261847
 18.65671641791045
 18.610421836228287
 18.564356435643564
 18.51851851851852
 18.7192118226601
 18.67321867321867
 18.627450980392158
 18.581907090464547
 18.78048780487805
 18.97810218978102
 18.932038834951456
 18.886198547215496
 18.84057971014493
 18.795180722891565
 18.75
 18.705035971223023
 18.660287081339714
 18.615751789976134
 18.571428571428573
 18.52731591448931
 18.48341232227488
 18.67612293144208
 18.632075471698112
 18.58823529411765
 18.544600938967136
 18.501170960187356
 18.457943925233643
 18.414918414918414
 18.372093023255815
 18.329466357308586
 18.51851851851852
 18.475750577367204
 18.663594470046082
 18.620689655172416
 18.577981651376145
 18.76430205949657
 18.72146118721461
 18.678815489749432
 18.636363636363637
 18.594104308390023
 18.552036199095024
 18.510158013544018
 18.46846846846847
 18.426966292134832
 18.385650224215247
 18.344519015659955
 18.303571428571427
 18.262806236080177
 18.22222222222222
 18.181818181818183
 18.141592920353983
 18.101545253863137
 18.06167400881057
 18.24175824175824
 18.201754385964914
 18.161925601750546
 18.12227074235808
 18.082788671023962
 18.043478260869566
 18.004338394793926
 17.965367965367964
 17.92656587473002
 18.103448275862068
 18.064516129032256
 18.025751072961373
 17.987152034261243
 17.94871794871795
 18.123667377398718
 18.085106382978726
 18.046709129511676
 18.008474576271187
 17.970401691331926
 17.932489451476794
 17.894736842105264
 17.857142857142858
 18.029350104821802
 17.99163179916318
 17.954070981210858
 17.916666666666668
 17.87941787941788
 17.842323651452283
 17.805383022774325
 17.768595041322314
 17.7319587628866
 17.695473251028808
 17.659137577002053
 17.62295081967213
 17.586912065439673
 17.755102040816325
 17.718940936863543
 17.682926829268293
 17.647058823529413
 17.611336032388664
 17.575757575757574
 17.540322580645164
 17.50503018108652
 17.46987951807229
 17.43486973947896
 17.4
 17.365269461077844
 17.52988047808765
 17.495029821073558
 17.46031746031746
 17.425742574257423
 17.391304347826086
 17.357001972386588
 17.322834645669293
 17.288801571709232
 17.254901960784313
 17.22113502935421
 17.1875
 17.15399610136452
 17.120622568093385
 17.0873786407767
 17.05426356589147
 17.02127659574468
 16.988416988416986
 16.955684007707127
 17.115384615384617
 17.08253358925144
 17.24137931034483
 17.39961759082218
 17.36641221374046
 17.333333333333336
 17.300380228136884
 17.267552182163186
 17.234848484848484
 17.20226843100189
 17.358490566037734
 17.325800376647834
 17.293233082706767
 17.26078799249531
 17.228464419475657
 17.19626168224299
 17.16417910447761
 17.13221601489758
 17.100371747211895
 17.068645640074212
 17.037037037037038
 17.005545286506468
 16.974169741697416
 16.94290976058932
 16.911764705882355
 16.88073394495413
 16.84981684981685
 16.819012797074954
 16.78832116788321
 16.757741347905284
 16.727272727272727
 16.696914700544465
 16.666666666666664
 16.636528028933093
 16.60649819494585
 16.576576576576578
 16.546762589928058
 16.517055655296232
 16.48745519713262
 16.457960644007155
 16.428571428571427
 16.39928698752228
 16.370106761565836
 16.341030195381883
 16.312056737588655
 16.283185840707965
 16.25441696113074
 16.225749559082892
 16.37323943661972
 16.34446397188049
 16.315789473684212
 16.28721541155867
 16.258741258741257
 16.230366492146597
 16.202090592334496
 16.17391304347826
 16.145833333333336
 16.11785095320624
 16.26297577854671
 16.234887737478413
 16.206896551724135
 16.351118760757316
 16.323024054982817
 16.466552315608922
 16.43835616438356
 16.41025641025641
 16.38225255972696
 16.35434412265758
 16.3265306122449
 16.298811544991512
 16.271186440677965
 16.243654822335024
 16.216216216216218
 16.188870151770658
 16.161616161616163
 16.134453781512605
 16.10738255033557
 16.08040201005025
 16.05351170568562
 16.193656093489146
 16.166666666666664
 16.139767054908486
 16.11295681063123
 16.086235489220563
 16.225165562913908
 16.363636363636363
 16.33663366336634
 16.30971993410214
 16.282894736842106
 16.25615763546798
 16.229508196721312
 16.20294599018003
 16.176470588235293
 16.150081566068515
 16.123778501628664
 16.097560975609756
 16.071428571428573
 16.045380875202593
 16.181229773462782
 16.15508885298869
 16.129032258064516
 16.10305958132045
 16.077170418006432
 16.051364365971107
 16.025641025641026
 16.16
 16.134185303514375
 16.108452950558213
 16.0828025477707
 16.05723370429253
 16.03174603174603
 16.00633914421553
 16.139240506329113
 16.113744075829384
 16.08832807570978
 16.062992125984252
 16.037735849056602
 16.012558869701728
 15.987460815047022
 15.96244131455399
 16.09375
 16.06864274570983
 16.043613707165107
 16.018662519440124
 15.993788819875776
 15.968992248062017
 15.944272445820435
 15.919629057187018
 15.895061728395063
 15.870570107858242
 15.846153846153847
 15.821812596006144
 15.950920245398773
 15.926493108728943
 15.902140672782874
 15.877862595419847
 15.853658536585366
 15.82952815829528
 15.957446808510639
 16.084977238239755
 16.060606060606062
 16.036308623298034
 16.012084592145015
 16.138763197586727
 16.114457831325304
 16.090225563909772
 16.066066066066064
 16.19190404797601
 16.16766467065868
 16.143497757847534
 16.119402985074625
 16.095380029806257
 16.071428571428573
 16.047548291233284
 16.023738872403563
 16.0
 15.976331360946746
 16.100443131462335
 16.07669616519174
 16.200294550810014
 16.323529411764707
 16.299559471365637
 16.27565982404692
 16.251830161054173
 16.374269005847953
 16.35036496350365
 16.3265306122449
 16.302765647743815
 16.27906976744186
 16.25544267053701
 16.231884057971012
 16.208393632416787
 16.184971098265898
 16.161616161616163
 16.138328530259365
 16.115107913669064
 16.091954022988507
 16.06886657101865
 16.045845272206304
 16.02288984263233
 16.0
 15.977175463623395
 16.096866096866098
 16.216216216216218
 16.193181818181817
 16.170212765957448
 16.147308781869686
 16.124469589816123
 16.101694915254235
 16.22002820874471
 16.338028169014084
 16.31504922644163
 16.292134831460675
 16.269284712482467
 16.246498599439775
 16.223776223776223
 16.201117318435752
 16.178521617852162
 16.15598885793872
 16.133518776077885
 16.11111111111111
 16.08876560332871
 16.06648199445983
 16.044260027662517
 16.16022099447514
 16.137931034482758
 16.115702479338843
 16.09353507565337
 16.071428571428573
 16.049382716049383
 16.027397260273972
 16.00547195622435
 15.983606557377051
 15.961800818553886
 15.940054495912806
 15.918367346938775
 16.032608695652172
 16.010854816824967
 15.989159891598916
 15.967523680649526
 15.945945945945947
 15.92442645074224
 15.902964959568733
 15.88156123822342
 15.86021505376344
 15.973154362416109
 15.951742627345844
 16.06425702811245
 16.0427807486631
 16.15487316421896
 16.133333333333333
 16.11185086551265
 16.090425531914892
 16.201859229747676
 16.180371352785148
 16.158940397350992
 16.137566137566136
 16.116248348745046
 16.094986807387862
 16.073781291172594
 16.05263157894737
 16.031537450722734
 16.010498687664043
 15.98951507208388
 15.968586387434556
 15.947712418300652
 15.926892950391643
 16.03650586701434
 16.015625
 16.124837451235372
 16.233766233766232
 16.212710765239947
 16.191709844559586
 16.170763260025872
 16.149870801033593
 16.129032258064516
 16.108247422680414
 16.08751608751609
 16.195372750642672
 16.174582798459564
 16.153846153846153
 16.13316261203585
 16.11253196930946
 16.091954022988507
 16.071428571428573
 16.050955414012737
 16.030534351145036
 16.010165184243967
 15.989847715736042
 16.09632446134347
 16.075949367088608
 16.182048040455122
 16.161616161616163
 16.14123581336696
 16.120906801007557
 16.10062893081761
 16.08040201005025
 16.06022584692597
 16.165413533834585
 16.14518147684606
 16.125
 16.10486891385768
 16.084788029925186
 16.064757160647574
 16.044776119402986
 16.149068322981368
 16.129032258064516
 16.109045848822802
 16.08910891089109
 16.069221260815823
 16.049382716049383
 16.029593094944513
 16.00985221674877
 15.990159901599016
 15.970515970515969
 15.950920245398773
 15.931372549019606
 16.034271725826194
 16.014669926650367
 15.995115995115993
 15.975609756097562
 15.956151035322778
 15.936739659367397
 15.91737545565006
 15.898058252427186
 15.878787878787879
 15.859564164648909
 15.840386940749699
 15.821256038647343
 15.8021712907117
 15.903614457831324
 15.884476534296029
 15.865384615384615
 15.966386554621847
 15.947242206235012
 15.92814371257485
 15.909090909090908
 15.890083632019117
 15.871121718377088
 15.852205005959474
 15.833333333333332
 15.933412604042807
 15.914489311163896
 15.895610913404507
 15.876777251184834
 15.857988165680473
 15.839243498817968
 15.820543093270366
 15.919811320754718
 15.901060070671377
 15.88235294117647
 15.863689776733256
 15.845070422535212
 15.826494724501758
 15.807962529274006
 15.789473684210526
 15.887850467289718
 15.869311551925321
 15.85081585081585
 15.948777648428406
 16.046511627906977
 16.02787456445993
 16.125290023201856
 16.10660486674392
 16.087962962962962
 16.069364161849713
 16.166281755196305
 16.147635524798154
 16.129032258064516
 16.11047180667434
 16.091954022988507
 16.073478760045926
 16.055045871559635
 16.036655211912944
 16.018306636155607
 16.0
 15.981735159817351
 15.96351197263398
 15.945330296127564
 16.040955631399317
 16.022727272727273
 16.11804767309875
 16.099773242630384
 16.08154020385051
 16.063348416289593
 16.045197740112993
 16.13995485327314
 16.1217587373168
 16.216216216216218
 16.197975253093365
 16.179775280898877
 16.273849607182942
 16.367713004484305
 16.349384098544235
 16.331096196868007
 16.312849162011172
 16.294642857142858
 16.276477146042364
 16.369710467706014
 16.35150166852058
 16.333333333333332
 16.315205327413985
 16.29711751662971
 16.27906976744186
 16.261061946902654
 16.243093922651934
 16.225165562913908
 16.207276736493938
 16.189427312775333
 16.17161716171617
 16.153846153846153
 16.136114160263446
 16.11842105263158
 16.10076670317634
 16.08315098468271
 16.065573770491802
 16.157205240174672
 16.139585605234462
 16.122004357298476
 16.2132752992383
 16.195652173913043
 16.178067318132463
 16.16052060737527
 16.251354279523294
 16.233766233766232
 16.216216216216218
 16.19870410367171
 16.181229773462782
 16.163793103448278
 16.146393972012916
 16.129032258064516
 16.11170784103115
 16.09442060085837
 16.077170418006432
 16.059957173447536
 16.0427807486631
 16.132478632478634
 16.115261472785487
 16.098081023454156
 16.080937167199146
 16.063829787234045
 16.153028692879914
 16.13588110403397
 16.118769883351007
 16.101694915254235
 16.084656084656086
 16.0676532769556
 16.050686378035902
 16.033755274261605
 16.01685985247629
 16.0
 15.983175604626709
 15.966386554621847
 15.949632738719831
 16.037735849056602
 16.020942408376964
 16.10878661087866
 16.091954022988507
 16.17954070981211
 16.16266944734098
 16.145833333333336
 16.129032258064516
 16.112266112266113
 16.095534787123572
 16.07883817427386
 16.16580310880829
 16.149068322981368
 16.132368148914168
 16.115702479338843
 16.09907120743034
 16.082474226804123
 16.168898043254377
 16.152263374485596
 16.135662898252825
 16.119096509240247
 16.102564102564102
 16.188524590163937
 16.17195496417605
 16.155419222903884
 16.138917262512766
 16.122448979591837
 16.106014271151885
 16.191446028513237
 16.17497456765005
 16.158536585365855
 16.243654822335024
 16.227180527383368
 16.210739614994935
 16.194331983805668
 16.177957532861477
 16.161616161616163
 16.145307769929364
 16.129032258064516
 16.2134944612286
 16.19718309859155
 16.180904522613066
 16.164658634538153
 16.148445336008024
 16.132264529058116
 16.216216216216218
 16.2
 16.183816183816184
 16.16766467065868
 16.151545363908276
 16.135458167330675
 16.218905472636816
 16.302186878727635
 16.28599801390268
 16.26984126984127
 16.253716551040633
 16.237623762376238
 16.2215628090999
 16.205533596837945
 16.189536031589338
 16.173570019723865
 16.157635467980295
 16.141732283464567
 16.125860373647985
 16.110019646365423
 16.09421000981354
 16.07843137254902
 16.06268364348678
 16.14481409001957
 16.129032258064516
 16.11328125
 16.097560975609756
 16.08187134502924
 16.066212268743914
 16.05058365758755
 16.132167152575317
 16.116504854368934
 16.197866149369545
 16.27906976744186
 16.263310745401743
 16.247582205029012
 16.231884057971012
 16.312741312741313
 16.2970106075217
 16.377649325626205
 16.45813282001925
 16.442307692307693
 16.42651296829971
 16.410748560460654
 16.490891658676894
 16.47509578544061
 16.459330143540672
 16.44359464627151
 16.427889207258833
 16.412213740458014
 16.396568160152526
 16.380952380952383
 16.365366317792578
 16.34980988593156
 16.334283000949668
 16.318785578747626
 16.303317535545023
 16.28787878787879
 16.272469252601702
 16.351606805293006
 16.43059490084986
 16.41509433962264
 16.49387370405278
 16.47834274952919
 16.462841015992474
 16.447368421052634
 16.431924882629108
 16.416510318949342
 16.49484536082474
 16.479400749063668
 16.46398503274088
 16.448598130841123
 16.5266106442577
 16.511194029850746
 16.495806150978567
 16.480446927374302
 16.465116279069765
 16.449814126394052
 16.434540389972145
 16.41929499072356
 16.404077849860982
 16.38888888888889
 16.37372802960222
 16.358595194085026
 16.43582640812558
 16.420664206642066
 16.40552995391705
 16.482504604051567
 16.467341306347745
 16.452205882352942
 16.437098255280073
 16.422018348623855
 16.406966086159485
 16.483516483516482
 16.46843549862763
 16.453382084095065
 16.43835616438356
 16.423357664233578
 16.49954421148587
 16.484517304189435
 16.469517743403095
 16.454545454545453
 16.439600363306088
 16.515426497277677
 16.500453309156846
 16.485507246376812
 16.470588235294116
 16.54611211573237
 16.621499548328817
 16.60649819494585
 16.59152389540126
 16.576576576576578
 16.65166516651665
 16.636690647482013
 16.621743036837376
 16.60682226211849
 16.681614349775785
 16.666666666666664
 16.65174574753805
 16.636851520572453
 16.621983914209114
 16.607142857142858
 16.592328278322928
 16.577540106951872
 16.562778272484415
 16.548042704626333
 16.53333333333333
 16.518650088809945
 16.50399290150843
 16.48936170212766
 16.474756421612046
 16.460176991150444
 16.445623342175068
 16.431095406360424
 16.50485436893204
 16.490299823633155
 16.47577092511013
 16.461267605633804
 16.44678979771328
 16.432337434094904
 16.417910447761194
 16.49122807017544
 16.476774758983346
 16.46234676007005
 16.447944006999123
 16.433566433566433
 16.419213973799128
 16.404886561954623
 16.390584132519617
 16.463414634146343
 16.449086161879894
 16.52173913043478
 16.507384882710685
 16.493055555555554
 16.47875108412836
 16.55112651646447
 16.623376623376622
 16.608996539792386
 16.594641313742436
 16.580310880829018
 16.566005176876615
 16.551724137931036
 16.5374677002584
 16.523235800344235
 16.50902837489252
 16.49484536082474
 16.48068669527897
 16.466552315608922
 16.452442159383033
 16.43835616438356
 16.424294268605646
 16.41025641025641
 16.396242527754058
 16.38225255972696
 16.36828644501279
 16.43952299829642
 16.425531914893618
 16.49659863945578
 16.482582837723026
 16.468590831918505
 16.45462256149279
 16.440677966101696
 16.42675698560542
 16.412859560067684
 16.39898562975486
 16.385135135135133
 16.371308016877638
 16.357504215851602
 16.343723673125528
 16.329966329966332
 16.31623212783852
 16.30252100840336
 16.288832913518053
 16.2751677852349
 16.261525565800504
 16.24790619765494
 16.234309623430963
 16.220735785953178
 16.207184628237258
 16.193656093489146
 16.180150125104255
 16.166666666666664
 16.153205661948377
 16.139767054908486
 16.126350789692438
 16.11295681063123
 16.099585062240664
 16.086235489220563
 16.072908036454017
 16.05960264900662
 16.04631927212572
 16.03305785123967
 16.10239471511148
 16.08910891089109
 16.15828524319868
 16.14497528830313
 16.131687242798353
 16.11842105263158
 16.105176663927693
 16.091954022988507
 16.078753076292042
 16.147540983606557
 16.134316134316133
 16.20294599018003
 16.189697465249388
 16.258169934640524
 16.244897959183675
 16.23164763458401
 16.21841890790546
 16.205211726384363
 16.192026037428803
 16.178861788617883
 16.165718927701057
 16.1525974025974
 16.13949716139497
 16.207455429497568
 16.194331983805668
 16.181229773462782
 16.248989490703313
 16.235864297253634
 16.303470540758678
 16.29032258064516
 16.35777598710717
 16.425120772946862
 16.411906677393404
 16.479099678456592
 16.46586345381526
 16.53290529695024
 16.5196471531676
 16.506410256410255
 16.493194555644518
 16.48
 16.466826538768984
 16.45367412140575
 16.440542697525938
 16.427432216905903
 16.41434262948207
 16.401273885350317
 16.467780429594274
 16.454689984101748
 16.441620333598095
 16.428571428571427
 16.41554321966693
 16.40253565768621
 16.389548693586697
 16.455696202531644
 16.442687747035574
 16.429699842022117
 16.416732438831886
 16.40378548895899
 16.390858944050432
 16.37795275590551
 16.36506687647522
 16.352201257861633
 16.33935585231736
 16.3265306122449
 16.31372549019608
 16.30094043887147
 16.288175411119813
 16.353677621283254
 16.3408913213448
 16.328125
 16.315378610460577
 16.302652106084242
 16.289945440374122
 16.355140186915886
 16.342412451361866
 16.40746500777605
 16.394716394716394
 16.38198757763975
 16.369278510473233
 16.356589147286822
 16.343919442292794
 16.3312693498452
 16.318638824439287
 16.306027820710973
 16.293436293436294
 16.280864197530864
 16.268311488049346
 16.2557781201849
 16.243264049268667
 16.230769230769234
 16.295157571099157
 16.282642089093702
 16.270145817344588
 16.257668711656443
 16.245210727969347
 16.232771822358348
 16.296863045141546
 16.36085626911315
 16.348357524828113
 16.335877862595417
 16.323417238749048
 16.3109756097561
 16.2985529322163
 16.28614916286149
 16.273764258555133
 16.337386018237083
 16.40091116173121
 16.38846737481032
 16.376042456406367
 16.363636363636363
 16.35124905374716
 16.338880484114977
 16.3265306122449
 16.314199395770395
 16.30188679245283
 16.289592760180994
 16.277317256970612
 16.265060240963855
 16.3280662151994
 16.315789473684212
 16.30353117956424
 16.29129129129129
 16.27906976744186
 16.266866566716644
 16.254681647940075
 16.317365269461078
 16.30516080777861
 16.292974588938712
 16.280806572068705
 16.268656716417908
 16.256524981357195
 16.31892697466468
 16.381236038719287
 16.36904761904762
 16.356877323420075
 16.344725111441306
 16.33259094283593
 16.320474777448073
 16.308376575240917
 16.296296296296298
 16.28423390081421
 16.346153846153847
 16.334072431633405
 16.322008862629247
 16.309963099631
 16.297935103244836
 16.28592483419307
 16.273932253313696
 16.335540838852097
 16.323529411764707
 16.311535635562084
 16.372980910425845
 16.434336023477623
 16.422287390029325
 16.41025641025641
 16.398243045387993
 16.38624725676664
 16.374269005847953
 16.362308254200148
 16.35036496350365
 16.338439095550694
 16.3265306122449
 16.38747268754552
 16.375545851528383
 16.436363636363634
 16.424418604651162
 16.412490922294847
 16.400580551523948
 16.388687454677303
 16.44927536231884
 16.437364228819696
 16.425470332850942
 16.413593637020966
 16.473988439306357
 16.462093862815884
 16.450216450216452
 16.43835616438356
 16.42651296829971
 16.414686825053995
 16.402877697841728
 16.391085549964053
 16.379310344827587
 16.367552045944006
 16.3558106169297
 16.344086021505376
 16.332378223495702
 16.39226914817466
 16.380543633762517
 16.368834882058614
 16.357142857142858
 16.345467523197716
 16.333808844507846
 16.39344262295082
 16.381766381766383
 16.370106761565836
 16.35846372688478
 16.34683724235963
 16.335227272727273
 16.323633782824697
 16.382978723404253
 16.44223954642098
 16.43059490084986
 16.418966737438076
 16.407355021216407
 16.46643109540636
 16.454802259887007
 16.443189837685253
 16.431593794076164
 16.4200140944327
 16.408450704225352
 16.467276565798734
 16.52601969057665
 16.514406184118062
 16.502808988764045
 16.49122807017544
 16.479663394109398
 16.468114926419062
 16.5266106442577
 16.515045486354094
 16.503496503496503
 16.49196366177498
 16.480446927374302
 16.46894626657362
 16.457461645746164
 16.445993031358885
 16.434540389972145
 16.423103688239387
 16.411682892906814
 16.400277970813065
 16.38888888888889
 16.377515614156835
 16.36615811373093
 16.354816354816354
 16.343490304709142
 16.33217993079585
 16.32088520055325
 16.30960608154803
 16.298342541436465
 16.287094547964113
 16.275862068965516
 16.264645072363887
 16.32231404958678
 16.311080523055747
 16.299862448418157
 16.288659793814432
 16.27747252747253
 16.33493479752917
 16.323731138545952
 16.312542837559974
 16.301369863013697
 16.290212183436005
 16.34746922024624
 16.336295283663706
 16.325136612021858
 16.313993174061434
 16.302864938608458
 16.291751874573958
 16.280653950953678
 16.269571136827775
 16.258503401360542
 16.247450713800134
 16.23641304347826
 16.225390359809914
 16.28222523744912
 16.338983050847457
 16.395663956639567
 16.384563303994586
 16.373477672530445
 16.36240703177823
 16.35135135135135
 16.34031060094531
 16.32928475033738
 16.31827376938638
 16.307277628032345
 16.296296296296298
 16.352624495289366
 16.34162743779422
 16.33064516129032
 16.319677635997312
 16.308724832214764
 16.297786720321934
 16.28686327077748
 16.275954454119223
 16.265060240963855
 16.25418060200669
 16.243315508021393
 16.23246492985972
 16.22162883845127
 16.210807204803203
 16.2
 16.1892071952032
 16.17842876165113
 16.16766467065868
 16.15691489361702
 16.146179401993354
 16.135458167330675
 16.12475116124751
 16.114058355437667
 16.10337972166998
 16.09271523178808
 16.082064857710126
 16.071428571428573
 16.060806345009915
 16.050198150594454
 16.03960396039604
 16.02902374670185
 16.084377059986814
 16.073781291172594
 16.063199473337722
 16.05263157894737
 16.042077580539118
 16.031537450722734
 16.021011162179907
 16.010498687664043
 16.0
 15.98951507208388
 15.979043876882775
 15.968586387434556
 16.02354480052322
 16.013071895424837
 16.002612671456564
 15.992167101827675
 15.981735159817351
 15.971316818774445
 15.960912052117262
 15.950520833333334
 15.940143135979179
 15.929778933680103
 15.919428200129953
 15.909090909090908
 15.898767034393252
 15.888456549935148
 15.878159429682437
 15.867875647668395
 15.857605177993527
 15.91203104786546
 15.901745313510018
 15.956072351421188
 15.94577146546159
 15.935483870967742
 15.925209542230819
 15.914948453608247
 15.904700579523503
 15.894465894465895
 15.884244372990352
 15.874035989717223
 15.863840719332048
 15.853658536585366
 15.843489416292494
 15.833333333333332
 15.823190262652146
 15.813060179257363
 15.80294305822137
 15.792838874680307
 15.84664536741214
 15.900383141762454
 15.890236119974475
 15.880102040816327
 15.86998087954111
 15.859872611464967
 15.8497772119669
 15.839694656488549
 15.82962492053401
 15.819567979669632
 15.80952380952381
 15.7994923857868
 15.789473684210526
 15.779467680608365
 15.832805573147562
 15.886075949367088
 15.876027830487033
 15.865992414664982
 15.855969677826911
 15.845959595959597
 15.835962145110411
 15.825977301387137
 15.816005040957782
 15.806045340050378
 15.7960981749528
 15.786163522012577
 15.83909490886235
 15.829145728643216
 15.819209039548024
 15.809284818067754
 15.799373040752352
 15.789473684210526
 15.779586725109581
 15.76971214017522
 15.75984990619137
 15.75
 15.740162398500937
 15.730337078651685
 15.72052401746725
 15.710723192019952
 15.700934579439252
 15.69115815691158
 15.68139390168015
 15.671641791044777
 15.661901802361717
 15.65217391304348
 15.64245810055866
 15.632754342431761
 15.623062616243026
 15.675340768277572
 15.665634674922602
 15.655940594059405
 15.646258503401361
 15.636588380716935
 15.626930203829525
 15.617283950617283
 15.607649599012955
 15.5980271270037
 15.588416512630932
 15.64039408866995
 15.630769230769232
 15.621156211562115
 15.61155500921942
 15.601965601965603
 15.592387968078574
 15.58282208588957
 15.573267933782956
 15.563725490196079
 15.615431720759338
 15.605875152998777
 15.59633027522936
 15.586797066014672
 15.577275503970679
 15.567765567765568
 15.558267236119585
 15.548780487804878
 15.539305301645337
 15.529841656516444
 15.5203895313451
 15.51094890510949
 15.501519756838904
 15.492102065613608
 15.482695810564662
 15.473300970873785
 15.463917525773196
 15.454545454545453
 15.445184736523318
 15.435835351089588
 15.426497277676951
 15.417170495767834
 15.407854984894259
 15.458937198067632
 15.449607724803863
 15.440289505428225
 15.491259795057264
 15.481927710843374
 15.47260686333534
 15.4632972322503
 15.45399879735418
 15.444711538461538
 15.495495495495495
 15.486194477791116
 15.536892621475703
 15.587529976019185
 15.578190533253444
 15.568862275449103
 15.559545182525433
 15.610047846889952
 15.600717274357443
 15.591397849462366
 15.582089552238806
 15.572792362768498
 15.56350626118068
 15.554231227651966
 15.544967242406194
 15.535714285714286
 15.52647233789411
 15.517241379310345
 15.508021390374333
 15.498812351543942
 15.489614243323443
 15.480427046263346
 15.471250740960285
 15.462085308056873
 15.452930728241562
 15.44378698224852
 15.43465405085748
 15.425531914893616
 15.475487300649734
 15.52538370720189
 15.516224188790561
 15.507075471698112
 15.497937536829701
 15.488810365135453
 15.479693937610358
 15.529411764705884
 15.520282186948853
 15.511163337250295
 15.502055196711687
 15.492957746478872
 15.483870967741936
 15.474794841735054
 15.465729349736378
 15.456674473067917
 15.447630193095376
 15.43859649122807
 15.42957334891876
 15.42056074766355
 15.411558669001751
 15.460910151691948
 15.451895043731778
 15.442890442890441
 15.433896330809551
 15.424912689173457
 15.415939499709133
 15.465116279069768
 15.514235909355026
 15.505226480836237
 15.496227510156704
 15.54524361948956
 15.536231884057973
 15.52723059096176
 15.518239722061377
 15.50925925925926
 15.50028918449971
 15.491329479768787
 15.482380127094164
 15.473441108545035
 15.522215810732835
 15.513264129181085
 15.504322766570604
 15.495391705069125
 15.486470926885435
 15.535097813578828
 15.526164462334673
 15.517241379310345
 15.508328546812178
 15.49942594718714
 15.49053356282272
 15.481651376146788
 15.472779369627506
 15.52119129438717
 15.51230681167716
 15.503432494279176
 15.494568324757005
 15.485714285714286
 15.476870359794404
 15.468036529680365
 15.459212778094694
 15.450399087799315
 15.44159544159544
 15.432801822323464
 15.424018212862833
 15.415244596131968
 15.406480955088117
 15.397727272727273
 15.388983532084044
 15.43700340522134
 15.42824730572887
 15.419501133786847
 15.410764872521247
 15.402038505096263
 15.393322014714206
 15.384615384615385
 15.375918598078009
 15.36723163841808
 15.35855448898927
 15.349887133182843
 15.341229554427525
 15.332581736189402
 15.323943661971832
 15.315315315315313
 15.30669667979741
 15.29808773903262
 15.28948847667229
 15.280898876404494
 15.272318921953959
 15.31986531986532
 15.367358384744811
 15.358744394618833
 15.35014005602241
 15.39753639417693
 15.388919977616117
 15.436241610738255
 15.427613191727222
 15.418994413407821
 15.41038525963149
 15.457589285714285
 15.448968209704406
 15.44035674470457
 15.43175487465181
 15.423162583518932
 15.414579855314415
 15.461624026696331
 15.453029460811562
 15.444444444444445
 15.435868961687952
 15.427302996670367
 15.418746533555186
 15.410199556541022
 15.401662049861494
 15.39313399778516
 15.384615384615385
 15.376106194690264
 15.422885572139302
 15.41436464088398
 15.405853119823302
 15.45253863134658
 15.444015444015443
 15.43550165380375
 15.426997245179063
 15.418502202643172
 15.46505228398459
 15.456545654565456
 15.503023639362286
 15.494505494505495
 15.485996705107082
 15.53238199780461
 15.57871640153593
 15.570175438596493
 15.561643835616437
 15.553121577217963
 15.544608648056924
 15.536105032822759
 15.58228540185894
 15.628415300546447
 15.6198798470781
 15.66593886462882
 15.657392253136933
 15.648854961832063
 15.69482288828338
 15.686274509803921
 15.67773543821448
 15.669205658324264
 15.660685154975528
 15.65217391304348
 15.643671917436174
 15.63517915309446
 15.62669560499186
 15.61822125813449
 15.609756097560975
 15.655471289274105
 15.646995127233351
 15.69264069264069
 15.738236884802594
 15.72972972972973
 15.721231766612643
 15.712742980561556
 15.758229897463572
 15.803667745415318
 15.849056603773585
 15.84051724137931
 15.831987075928918
 15.823466092572659
 15.814954276492738
 15.806451612903224
 15.797958087049974
 15.789473684210526
 15.834675254965111
 15.82618025751073
 15.81769436997319
 15.809217577706324
 15.80074986609534
 15.845824411134904
 15.890850722311397
 15.88235294117647
 15.873864243719934
 15.865384615384615
 15.856914041644421
 15.901814300960512
 15.893333333333334
 15.884861407249467
 15.876398508257857
 15.867944621938232
 15.85949973390101
 15.851063829787234
 15.842636895268475
 15.834218916046758
 15.825809877854487
 15.870488322717621
 15.862068965517242
 15.853658536585366
 15.89825119236884
 15.889830508474576
 15.881418740074112
 15.925925925925927
 15.917503966155474
 15.909090909090908
 15.90068674062335
 15.892291446673706
 15.936675461741427
 15.928270042194093
 15.919873484449129
 15.964172813487881
 15.955766192733018
 15.947368421052632
 15.938979484481852
 15.983175604626709
 15.974776668418286
 15.966386554621847
 16.010498687664043
 16.002098635886675
 15.99370739381227
 16.037735849056602
 16.08171817705605
 16.073298429319372
 16.064887493458922
 16.056485355648537
 16.048092002090957
 16.039707419017766
 16.031331592689295
 16.022964509394573
 16.014606155451226
 16.05839416058394
 16.0500260552371
 16.041666666666668
 16.03331598125976
 16.024973985431842
 16.016640665626625
 16.008316008316008
 16.0
 15.991692627206646
 16.035288012454593
 16.026970954356848
 16.018662519440124
 16.010362694300518
 16.002071465561883
 15.993788819875776
 15.985514743921367
 15.977249224405377
 16.020671834625322
 16.012396694214875
 16.00413009808983
 15.995872033023737
 16.03919546157813
 16.030927835051546
 16.022668727460072
 16.01441812564367
 16.00617601646938
 15.997942386831276
 15.989717223650384
 16.032887975334017
 16.024653312788907
 16.01642710472279
 16.008209338122114
 16.0
 15.991799077396207
 15.983606557377051
 15.97542242703533
 15.967246673490276
 15.959079283887467
 15.950920245398773
 15.94276954522228
 15.934627170582228
 15.926493108728943
 15.918367346938775
 15.910249872514024
 15.902140672782874
 15.894039735099339
 15.885947046843176
 15.877862595419847
 15.869786368260428
 15.861718352821555
 15.853658536585366
 15.89639410868461
 15.939086294416244
 15.930999492643327
 15.922920892494929
 15.914850481500252
 15.906788247213779
 15.89873417721519
 15.890688259109313
 15.88265048052605
 15.874620829120323
 15.917129863567459
 15.909090909090908
 15.901060070671377
 15.893037336024218
 15.935451336359051
 15.92741935483871
 15.919395465994961
 15.96173212487412
 15.9536990437846
 15.945674044265592
 15.9376571141277
 15.92964824120603
 15.921647413360121
 15.913654618473897
 15.905669844455595
 15.897693079237712
 15.889724310776943
 15.881763527054108
 15.87381071607411
 15.915915915915916
 15.907953976988495
 15.950000000000001
 15.992003998001
 15.984015984015985
 15.97603594608088
 15.968063872255488
 15.96009975062344
 15.952143569292124
 15.944195316392626
 15.936254980079681
 15.928322548531607
 15.92039800995025
 15.912481352560913
 15.904572564612327
 15.896671634376553
 15.938430983118174
 15.930521091811414
 15.922619047619047
 15.964303420922162
 15.95639246778989
 15.948489351163941
 15.94059405940594
 15.932706580900543
 15.924826904055392
 15.916955017301039
 15.909090909090908
 15.901234567901234
 15.94274432379072
 15.934879131721758
 15.927021696252467
 15.919172005914243
 15.911330049261082
 15.903495814869522
 15.895669291338582
 15.887850467289718
 15.880039331366765
 15.872235872235873
 15.913555992141454
 15.905743740795286
 15.947006869479882
 15.939185875429132
 15.931372549019606
 15.92356687898089
 15.915768854064643
 15.95692608908468
 15.949119373776908
 15.990220048899756
 15.982404692082111
 15.974596971177332
 15.966796875
 15.95900439238653
 16.0
 15.992198927352511
 15.984405458089668
 15.97661958110083
 16.017526777020446
 16.009732360097324
 16.001945525291827
 15.994166261545942
 15.98639455782313
 15.978630403108305
 15.970873786407767
 15.963124696749151
 15.955383123181377
 15.947649054774601
 15.988372093023257
 15.980629539951574
 16.021297192642788
 16.01354620222545
 16.054158607350097
 16.046399226679554
 16.03864734299517
 16.030902945436985
 16.023166023166024
 16.063675832127352
 16.05593056894889
 16.048192771084338
 16.040462427745663
 16.032739528165624
 16.02502406159769
 16.017316017316016
 16.009615384615383
 16.001922152811147
 15.994236311239193
 15.986557849255881
 16.02687140115163
 16.019184652278177
 16.059443911792908
 16.05174892189746
 16.044061302681992
 16.036381043561512
 16.028708133971293
 16.021042563366812
 16.013384321223707
 16.005733397037744
 15.998089780324737
 16.0381861575179
 16.030534351145036
 16.070577014783023
 16.06291706387035
 16.102906145783706
 16.095238095238095
 16.087577344121847
 16.079923882017127
 16.072277698525916
 16.064638783269963
 16.05700712589074
 16.049382716049383
 16.08922638822971
 16.08159392789374
 16.073968705547653
 16.066350710900473
 16.05873993368072
 16.051136363636363
 16.09086606720303
 16.08325449385052
 16.07565011820331
 16.11531190926276
 16.1076995748701
 16.100094428706328
 16.09249646059462
 16.08490566037736
 16.077322017916078
 16.069745523091424
 16.06217616580311
 16.05461393596987
 16.04705882352941
 16.039510818438384
 16.03196991067231
 16.024436090225564
 16.01690934711132
 16.0093896713615
 16.001877053026746
 16.04127579737336
 16.033755274261605
 16.026241799437678
 16.018735362997656
 16.01123595505618
 16.003743565746372
 15.99625818521983
 15.988779803646564
 15.981308411214954
 15.973843998131715
 15.966386554621847
 15.958936070928607
 15.951492537313433
 15.944055944055943
 15.936626281453867
 15.975780158360504
 15.968342644320298
 15.960912052117262
 15.953488372093021
 15.946071594607158
 15.938661710037175
 15.931258708778447
 15.923862581244197
 15.916473317865428
 15.909090909090908
 15.948076031525266
 15.940685820203893
 15.979620194534508
 16.01851851851852
 16.011105969458583
 16.04995374653099
 16.08876560332871
 16.081330868761555
 16.07390300230947
 16.06648199445983
 16.059067835717585
 16.051660516605164
 16.044260027662517
 16.082949308755758
 16.075541225241825
 16.06813996316759
 16.06074551311551
 16.05335786568537
 16.091954022988507
 16.084558823529413
 16.077170418006432
 16.069788797061523
 16.062413951353832
 16.055045871559635
 16.047684548372306
 16.040329972502292
 16.032982134677052
 16.071428571428573
 16.10983981693364
 16.148215919487647
 16.18655692729767
 16.179159049360145
 16.171767930561902
 16.164383561643834
 16.20264719306253
 16.195255474452555
 16.187870497036023
 16.18049225159526
 16.173120728929387
 16.16575591985428
 16.158397815202548
 16.15104640582348
 16.143701682582993
 16.136363636363637
 16.129032258064516
 16.12170753860127
 16.114389468906037
 16.107078039927405
 16.099773242630384
 16.09247506799637
 16.085183507023107
 16.077898550724637
 16.070620190131283
 16.063348416289593
 16.056083220262323
 16.04882459312839
 16.04157252598283
 16.034327009936767
 16.02708803611738
 16.064981949458485
 16.102841677943168
 16.140667267808837
 16.133393420459665
 16.126126126126124
 16.16389013957677
 16.156615661566157
 16.149347728295098
 16.14208633093525
 16.134831460674157
 16.127583108715186
 16.120341266277507
 16.15798922800718
 16.1507402422611
 16.143497757847534
 16.136261766024205
 16.129032258064516
 16.121809225257504
 16.11459265890779
 16.10738255033557
 16.100178890876567
 16.092981671881983
 16.0857908847185
 16.078606520768197
 16.071428571428573
 16.06425702811245
 16.101694915254235
 16.094516272848864
 16.0873440285205
 16.080178173719375
 16.07301869991095
 16.06586559857588
 16.058718861209965
 16.051578479324142
 16.044444444444444
 16.03731674811195
 16.074600355239788
 16.11185086551265
 16.104702750665485
 16.097560975609756
 16.090425531914892
 16.083296411165264
 16.12046058458813
 16.113324479858342
 16.10619469026549
 16.09907120743034
 16.091954022988507
 16.129032258064516
 16.12190812720848
 16.114790286975715
 16.107678729037954
 16.100573445081608
 16.09347442680776
 16.08638166593213
 16.079295154185022
 16.072214883311318
 16.06514084507042
 16.058073031236255
 16.051011433597186
 16.043956043956044
 16.036906854130052
 16.02986385595081
 16.022827041264268
 16.015796401930672
 16.05263157894737
 16.045594037702763
 16.038562664329536
 16.031537450722734
 16.06830122591944
 16.105032822757114
 16.097987751531058
 16.09094884127678
 16.127622377622377
 16.120576671035387
 16.11353711790393
 16.10650371017023
 16.099476439790575
 16.09245529873528
 16.129032258064516
 16.16557734204793
 16.158536585365855
 16.15150195907706
 16.144473455178414
 16.180948238364508
 16.17391304347826
 16.166883963494133
 16.20330147697654
 16.239687364307425
 16.23263888888889
 16.225596529284164
 16.218560277536863
 16.21153012570438
 16.204506065857885
 16.197488090082288
 16.19047619047619
 16.183470359151883
 16.176470588235293
 16.169476869865974
 16.16248919619706
 16.15550755939525
 16.14853195164076
 16.14156236512732
 16.13459879206212
 16.127641224665805
 16.120689655172413
 16.113744075829384
 16.1068044788975
 16.142918639690055
 16.179001721170398
 16.172043010752688
 16.208082545141874
 16.201117318435752
 16.237113402061855
 16.230141691713182
 16.266094420600858
 16.25911625911626
 16.252144082332762
 16.288041148735534
 16.28106255355613
 16.274089935760173
 16.267123287671232
 16.260162601626014
 16.253207869974336
 16.246259085079092
 16.28205128205128
 16.27509611277232
 16.268146883005976
 16.261203585147246
 16.254266211604097
 16.28997867803838
 16.28303495311168
 16.31870472944184
 16.31175468483816
 16.30481055768412
 16.29787234042553
 16.333475116971503
 16.3265306122449
 16.36209094772631
 16.355140186915886
 16.348195329087048
 16.383701188455007
 16.376750106067036
 16.36980491942324
 16.362865621025858
 16.35593220338983
 16.34900465904278
 16.34208298052498
 16.377486246297078
 16.412859560067684
 16.405919661733613
 16.44125105663567
 16.434305027460923
 16.427364864864867
 16.42043056141832
 16.41350210970464
 16.406579502319694
 16.39966273187184
 16.39275179098188
 16.385846672283066
 16.378947368421052
 16.372053872053872
 16.365166175851915
 16.358284272497897
 16.351408154686844
 16.34453781512605
 16.37967240655187
 16.3727959697733
 16.365925304238356
 16.359060402684563
 16.352201257861633
 16.345347862531433
 16.338500209467952
 16.331658291457288
 16.324822101297613
 16.317991631799163
 16.311166875784192
 16.346153846153847
 16.339323025491016
 16.33249791144528
 16.325678496868477
 16.36060100166945
 16.3537755527743
 16.34695579649708
 16.38182576073364
 16.375
 16.36817992503124
 16.36136552872606
 16.354556803995006
 16.3477537437604
 16.340956340956343
 16.33416458852868
 16.368923971749066
 16.362126245847175
 16.35533416355334
 16.348547717842322
 16.341766901700538
 16.334991708126037
 16.32822213012847
 16.32145816072908
 16.314699792960663
 16.349337748344368
 16.342573438146463
 16.335814722911497
 16.329061595700704
 16.363636363636363
 16.356877323420075
 16.391412056151943
 16.384647131654972
 16.377887788778878
 16.37113402061856
 16.364385820280297
 16.357643180881748
 16.350906095551895
 16.34417455743104
 16.33744855967078
 16.330728095433976
 16.324013157894736
 16.31730374023839
 16.310599835661463
 16.303901437371664
 16.29720853858785
 16.290521132540007
 16.283839212469235
 16.318163181631817
 16.311475409836067
 16.304793117574764
 16.298116298116298
 16.332378223495702
 16.325695581014728
 16.319018404907975
 16.35322976287817
 16.346546791990193
 16.33986928104575
 16.33319722335647
 16.36734693877551
 16.360669114647084
 16.35399673735726
 16.347329800244598
 16.340668296658517
 16.334012219959266
 16.327361563517915
 16.320716320716322
 16.314076484947112
 16.34810898739325
 16.34146341463415
 16.37545713124746
 16.409423233143787
 16.402760860738937
 16.3961038961039
 16.43002028397566
 16.423357664233578
 16.457235508715037
 16.450567260940034
 16.44390441474281
 16.437246963562753
 16.43059490084986
 16.423948220064723
 16.457743631217145
 16.45109135004042
 16.484848484848484
 16.478190630048463
 16.471538150989097
 16.46489104116223
 16.45824929407019
 16.451612903225808
 16.444981862152357
 16.43835616438356
 16.43173580346355
 16.425120772946862
 16.458752515090545
 16.452131938857605
 16.44551668677121
 16.438906752411576
 16.432302129369226
 16.42570281124498
 16.41910879164994
 16.412520064205456
 16.40593662254312
 16.439454691259023
 16.432865731462925
 16.42628205128205
 16.459751702042453
 16.453162530024017
 16.44657863145258
 16.439999999999998
 16.43342662934826
 16.426858513189448
 16.42029564522573
 16.41373801916933
 16.407185628742514
 16.400638467677574
 16.433984842441166
 16.427432216905903
 16.420884814667197
 16.41434262948207
 16.407805655117482
 16.441082802547772
 16.47433346597692
 16.467780429594274
 16.46123260437376
 16.454689984101748
 16.448152562574496
 16.441620333598095
 16.435093290988487
 16.428571428571427
 16.422054740182467
 16.41554321966693
 16.409036860879905
 16.44215530903328
 16.435643564356436
 16.429136975455265
 16.462208151958844
 16.49525316455696
 16.488730723606167
 16.52173913043478
 16.515211378901622
 16.5086887835703
 16.50217133833399
 16.4956590370955
 16.528599605522682
 16.522082018927446
 16.51556957035869
 16.509062253743103
 16.502560063016936
 16.496062992125985
 16.48957103502558
 16.483084185680568
 16.476602438065278
 16.47012578616352
 16.463654223968565
 16.45718774548311
 16.45072634471928
 16.483516483516482
 16.47704982346018
 16.470588235294116
 16.464131713053703
 16.4576802507837
 16.45123384253819
 16.44479248238058
 16.43835616438356
 16.431924882629108
 16.425498631208445
 16.419077404222048
 16.412661195779602
 16.40625
 16.399843811011326
 16.39344262295082
 16.387046429964887
 16.380655226209047
 16.413255360623783
 16.406858924395948
 16.400467471756915
 16.394080996884735
 16.387699493966522
 16.420233463035018
 16.413846752236484
 16.40746500777605
 16.401088223863194
 16.394716394716394
 16.388349514563107
 16.38198757763975
 16.375630578191696
 16.369278510473233
 16.362931368747578
 16.356589147286822
 16.35025184037195
 16.343919442292794
 16.337591947348045
 16.3312693498452
 16.32495164410058
 16.318638824439287
 16.312330885195205
 16.306027820710973
 16.29972962533797
 16.293436293436294
 16.325742956387497
 16.319444444444446
 16.31315079059005
 16.30686198920586
 16.300578034682083
 16.33281972265023
 16.365036580670004
 16.358737490377212
 16.39091958445556
 16.384615384615383
 16.41676278354479
 16.410453497309764
 16.404149058778334
 16.397849462365592
 16.429942418426105
 16.42363775901765
 16.41733793632528
 16.411042944785276
 16.404752778842468
 16.436781609195403
 16.430486403676753
 16.424196018376723
 16.456180635285115
 16.449885233358838
 16.44359464627151
 16.43730886850153
 16.431027894535728
 16.424751718869366
 16.41848033600611
 16.412213740458014
 16.405951926745516
 16.399694889397406
 16.431566908120473
 16.42530487804878
 16.419047619047618
 16.450875856816452
 16.44461362771222
 16.43835616438356
 16.432103461392163
 16.425855513307987
 16.419612314709237
 16.41337386018237
 16.407140144322067
 16.438876233864843
 16.432637571157496
 16.42640364188164
 16.45809632157755
 16.45185746777862
 16.445623342175068
 16.43939393939394
 16.433169254070428
 16.464799394398185
 16.458569807037456
 16.45234493192133
 16.483931947069944
 16.477702191987905
 16.471477143936532
 16.46525679758308
 16.459041147602868
 16.452830188679247
 16.446623915503583
 16.440422322775262
 16.43422540520166
 16.428033157498113
 16.421845574387948
 16.415662650602407
 16.40948438088069
 16.4033107599699
 16.397141782625045
 16.390977443609025
 16.384817737692597
 16.416228399699474
 16.447615471273
 16.441441441441444
 16.435272045028142
 16.429107276819206
 16.42294713160855
 16.4167916041979
 16.448107905582614
 16.479400749063668
 16.473230999625606
 16.50449101796407
 16.4983164983165
 16.529543754674645
 16.52336448598131
 16.517189835575486
 16.51101979828166
 16.50485436893204
 16.498693542366556
 16.492537313432837
 16.4863856769862
 16.480238627889634
 16.47409616101379
 16.46795827123696
 16.461824953445063
 16.492926284437825
 16.4867882396725
 16.480654761904763
 16.47452584603942
 16.46840148698885
 16.462281679672984
 16.456166419019315
 16.48718900854066
 16.481069042316257
 16.474953617810762
 16.468842729970326
 16.46273637374861
 16.456634544106745
 16.48758799555391
 16.48148148148148
 16.47537948907812
 16.469282013323465
 16.463189049204587
 16.457100591715975
 16.45101663585952
 16.444937176644494
 16.438862209087553
 16.432791728212703
 16.426725729051313
 16.420664206642066
 16.414607156030986
 16.445427728613566
 16.439366015481017
 16.43330876934414
 16.427255985267035
 16.42120765832106
 16.415163783584834
 16.409124356144222
 16.403089371092314
 16.397058823529413
 16.391032708563028
 16.42174871418075
 16.415717958134408
 16.409691629955947
 16.440366972477065
 16.434336023477623
 16.464979831316466
 16.458944281524925
 16.452913155001834
 16.446886446886445
 16.440864152325155
 16.43484626647145
 16.428832784485913
 16.42282370153621
 16.453382084095065
 16.447368421052634
 16.441359152356593
 16.43535427319211
 16.42935377875137
 16.45985401459854
 16.45384896023349
 16.484318016046682
 16.47830842143638
 16.472303206997086
 16.46630236794171
 16.49672250546249
 16.490717145977428
 16.48471615720524
 16.478719534376136
 16.472727272727273
 16.466739367502726
 16.460755813953487
 16.45477660733745
 16.44880174291939
 16.442831215970962
 16.436865021770682
 16.430903155603918
 16.424945612762873
 16.418992388546574
 16.413043478260867
 16.4070988772184
 16.401158580738596
 16.395222584147664
 16.38929088277858
 16.383363471971066
 16.413593637020966
 16.40766172750271
 16.40173410404624
 16.395810762007944
 16.3898916967509
 16.383976903644893
 16.37806637806638
 16.408222142084387
 16.402307137707282
 16.39